// Vitest Snapshot v1, https://vitest.dev/guide/snapshot.html

exports[`entityStructureTransformer > propagates an unsupported property 1`] = `[Error: Error during the render of a data structure as a TypeScript type.]`;

exports[`entityStructureTransformer > renders an entity structure 1`] = `
"import * as DModeling from "@duplojs/lang/modeling";

export type Value = DModeling.Entity<"User"> & {
    readonly id: number & DModeling.NewType<"Identifier", never>;
    readonly name: string;
};"
`;
