// Vitest Snapshot v1, https://vitest.dev/guide/snapshot.html

exports[`objectStructureTransformer > propagates an unsupported property 1`] = `[Error: Error during the render of a data structure as a TypeScript type.]`;

exports[`objectStructureTransformer > renders required, optional and quoted properties 1`] = `
"export type Value = {
    readonly id: number;
    readonly "display-name": string;
    readonly nickname?: undefined | string;
};"
`;
