// Vitest Snapshot v1, https://vitest.dev/guide/snapshot.html

exports[`taggedObjectStructureTransformer > propagates an unsupported property 1`] = `[Error: Error during the render of a data structure as a TypeScript type.]`;

exports[`taggedObjectStructureTransformer > rejects a missing declaration placeholder 1`] = `[Error: Error during the render of a data structure as a TypeScript type.]`;

exports[`taggedObjectStructureTransformer > rejects a transformed inner structure that is not an object type 1`] = `[Error: Error during the render of a data structure as a TypeScript type.]`;

exports[`taggedObjectStructureTransformer > renders a tagged object as an interface 1`] = `
"import * as DModeling from "@duplojs/lang/modeling";

export interface User extends DModeling.ObjectTag<"User"> {
    readonly id: number;
    readonly name: string;
}

export type Value = User;"
`;
