// Vitest Snapshot v1, https://vitest.dev/guide/snapshot.html

exports[`unionStructureTransformer > propagates an unsupported member 1`] = `[Error: Error during the render of a data structure as a TypeScript type.]`;

exports[`unionStructureTransformer > renders a union structure 1`] = `"export type Value = string | number;"`;
